{
  "version": "1.5.0",
  "plugins_used": [
    {
      "name": "ArtifactoryDetector"
    },
    {
      "name": "AWSKeyDetector"
    },
    {
      "name": "AzureStorageKeyDetector"
    },
    {
      "name": "Base64HighEntropyString",
      "limit": 4.5
    },
    {
      "name": "BasicAuthDetector"
    },
    {
      "name": "CloudantDetector"
    },
    {
      "name": "DiscordBotTokenDetector"
    },
    {
      "name": "GitHubTokenDetector"
    },
    {
      "name": "GitLabTokenDetector"
    },
    {
      "name": "HexHighEntropyString",
      "limit": 3.0
    },
    {
      "name": "IbmCloudIamDetector"
    },
    {
      "name": "IbmCosHmacDetector"
    },
    {
      "name": "IPPublicDetector"
    },
    {
      "name": "JwtTokenDetector"
    },
    {
      "name": "KeywordDetector",
      "keyword_exclude": ""
    },
    {
      "name": "MailchimpDetector"
    },
    {
      "name": "NpmDetector"
    },
    {
      "name": "OpenAIDetector"
    },
    {
      "name": "PrivateKeyDetector"
    },
    {
      "name": "PypiTokenDetector"
    },
    {
      "name": "SendGridDetector"
    },
    {
      "name": "SlackDetector"
    },
    {
      "name": "SoftlayerDetector"
    },
    {
      "name": "SquareOAuthDetector"
    },
    {
      "name": "StripeDetector"
    },
    {
      "name": "TelegramBotTokenDetector"
    },
    {
      "name": "TwilioKeyDetector"
    }
  ],
  "filters_used": [
    {
      "path": "detect_secrets.filters.allowlist.is_line_allowlisted"
    },
    {
      "path": "detect_secrets.filters.common.is_baseline_file",
      "filename": ".secrets.baseline"
    },
    {
      "path": "detect_secrets.filters.common.is_ignored_due_to_verification_policies",
      "min_level": 2
    },
    {
      "path": "detect_secrets.filters.heuristic.is_indirect_reference"
    },
    {
      "path": "detect_secrets.filters.heuristic.is_likely_id_string"
    },
    {
      "path": "detect_secrets.filters.heuristic.is_lock_file"
    },
    {
      "path": "detect_secrets.filters.heuristic.is_not_alphanumeric_string"
    },
    {
      "path": "detect_secrets.filters.heuristic.is_potential_uuid"
    },
    {
      "path": "detect_secrets.filters.heuristic.is_prefixed_with_dollar_sign"
    },
    {
      "path": "detect_secrets.filters.heuristic.is_sequential_string"
    },
    {
      "path": "detect_secrets.filters.heuristic.is_swagger_file"
    },
    {
      "path": "detect_secrets.filters.heuristic.is_templated_secret"
    }
  ],
  "results": {
    "VERSIONS": [
      {
        "type": "Hex High Entropy String",
        "filename": "VERSIONS",
        "hashed_secret": "a4ab6ac6ddff43362bb021593546cff5a19e5c0a",
        "is_verified": false,
        "line_number": 64
      },
      {
        "type": "Hex High Entropy String",
        "filename": "VERSIONS",
        "hashed_secret": "326c6e2fb499e1aae9e6a1fb65ef8256d5553b98",
        "is_verified": false,
        "line_number": 65
      },
      {
        "type": "Hex High Entropy String",
        "filename": "VERSIONS",
        "hashed_secret": "bcc65e7ef52ad2d0ac1497355c4ceb0670175e44",
        "is_verified": false,
        "line_number": 66
      },
      {
        "type": "Hex High Entropy String",
        "filename": "VERSIONS",
        "hashed_secret": "cc53828942ae54e992a9391fa6f738cedfe82d33",
        "is_verified": false,
        "line_number": 92
      },
      {
        "type": "Hex High Entropy String",
        "filename": "VERSIONS",
        "hashed_secret": "be21ce254a985557e6ed1daa223799a9e740f307",
        "is_verified": false,
        "line_number": 99
      },
      {
        "type": "Hex High Entropy String",
        "filename": "VERSIONS",
        "hashed_secret": "b40597d2eaf2ed29791dbd4cc0672f484dedac6e",
        "is_verified": false,
        "line_number": 104
      }
    ]
  },
  "generated_at": "2026-09-21T19:17:18Z"
}
